
> soft-museo-viajero@0.1.0 build
> next build

  Ôû▓ Next.js 14.2.16
  - Environments: .env.local

   Creating an optimized production build ...
 Ô£ô Compiled successfully
   Linting and checking validity of types ...
   Collecting page data ...
   Generating static pages (0/30) ...
   Generating static pages (7/30) 
   Generating static pages (14/30) 
   Generating static pages (22/30) 
 Ô£ô Generating static pages (30/30)
   Finalizing page optimization ...
   Collecting build traces ...

Route (app)                              Size     First Load JS
Ôöî Ôùï /                                    1.08 kB         108 kB
Ôö£ Ôùï /_not-found                          876 B          88.1 kB
Ôö£ Ôùï /ajustes                             181 B          94.2 kB
Ôö£ ãÆ /ajustes/precios                     7.89 kB         168 kB
Ôö£ Ôùï /calendario                          4.95 kB         115 kB
Ôö£ ãÆ /calendario/[date/]                  6.38 kB         118 kB
Ôö£ ãÆ /calendario/[date/]/imprimir         147 B          87.3 kB
Ôö£ Ôùï /calendario/nuevo                    6.64 kB         159 kB
Ôö£ Ôùï /escuelas                            2.89 kB        96.9 kB
Ôö£ ãÆ /escuelas/[id/]/editar               150 B           150 kB
Ôö£ Ôùï /escuelas/nueva                      151 B           150 kB
Ôö£ Ôùï /inbox                               8.39 kB         121 kB
Ôö£ Ôùï /liquidaciones                       5.41 kB         111 kB
Ôö£ Ôùï /login                               4.67 kB         189 kB
Ôö£ Ôùï /obras                               1.9 kB         95.9 kB
Ôö£ ãÆ /obras/[id]                          5.58 kB         118 kB
Ôö£ ãÆ /obras/[id]/editar                   150 B           150 kB
Ôö£ ãÆ /obras/[id/]/editar                  150 B           150 kB
Ôö£ Ôùï /obras/nueva                         150 B           150 kB
Ôö£ ãÆ /reportes                            147 B          87.3 kB
Ôö£ Ôùï /reservas                            181 B          94.2 kB
Ôö£ ãÆ /reservas/nueva/[eventSlotId/]       5.4 kB          162 kB
Ôö£ Ôùï /staff                               2.78 kB         105 kB
Ôö£ ãÆ /staff/[id]                          7.45 kB         119 kB
Ôö£ ãÆ /staff/[id]/editar                   154 B           158 kB
Ôö£ Ôùï /staff/nuevo                         154 B           158 kB
Ôö£ Ôùï /teatros                             2.76 kB        96.7 kB
Ôö£ ãÆ /teatros/[id]/editar                 150 B           151 kB
Ôö£ Ôùï /teatros/nuevo                       151 B           151 kB
Ôö£ Ôùï /temporadas                          1.91 kB         105 kB
Ôö£ ãÆ /temporadas/[id/]/editar             154 B           159 kB
Ôöö Ôùï /temporadas/nueva                    154 B           159 kB
+ First Load JS shared by all            87.2 kB
  Ôö£ chunks/2117-8dfaa266075c79f3.js      31.6 kB
  Ôö£ chunks/fd9d1056-100f457429017c1c.js  53.6 kB
  Ôöö other shared chunks (total)          1.95 kB


ãÆ Middleware                             25.8 kB

Ôùï  (Static)   prerendered as static content
ãÆ  (Dynamic)  server-rendered on demand

